A true
B ordinary
C true
A2 dupe
B2 ordinary
C2 dupe
A3 dupe
B3 ordinary
C3 dupe
B4 ordinary
B5 ordinary
A -> B
B -> C
B -> B4
C -> A2
A2 -> B2
B2 -> C2
B2 -> B3
C2 -> A3
B3 -> C3
B4 -> C
B4 -> B5
B5 -> C
Roots:
A
End of roots
